../Drivers/STM32WBxx_HAL_Driver/Inc/stm32wbxx_ll_rcc.h:1666:22:LL_RCC_LSE_SetDriveCapability	16	static
../Drivers/STM32WBxx_HAL_Driver/Inc/stm32wbxx_ll_bus.h:364:22:LL_AHB1_GRP1_EnableClock	24	static
../Drivers/STM32WBxx_HAL_Driver/Inc/stm32wbxx_ll_bus.h:539:22:LL_AHB2_GRP1_EnableClock	24	static
../Core/Src/main.c:76:5:main	8	static
../Core/Src/main.c:166:6:SystemClock_Config	112	static
../Core/Src/main.c:232:6:PeriphCommonClock_Config	88	static
../Core/Src/main.c:257:13:MX_IPCC_Init	8	static
../Core/Src/main.c:283:13:MX_RF_Init	4	static
../Core/Src/main.c:304:13:MX_RTC_Init	8	static
../Core/Src/main.c:347:6:MX_USART1_UART_Init	8	static
../Core/Src/main.c:395:13:MX_USB_PCD_Init	8	static
../Core/Src/main.c:426:13:MX_DMA_Init	8	static
../Core/Src/main.c:445:6:MX_GPIO_Init	32	static
../Core/Src/main.c:522:6:Error_Handler	4	static,ignoring_inline_asm
